============================= test session starts =============================
platform win32 -- Python 3.11.7, pytest-7.4.0, pluggy-1.0.0
rootdir: D:\AgenticAI\Project1(no-name)
plugins: anyio-4.13.0, hydra-core-1.3.2, typeguard-4.4.4
collected 15 items

tests\planning\test_method_system.py EEEEEEEEEEEEEEE                     [100%]

=================================== ERRORS ====================================
________ ERROR at setup of TestScoreMethod.test_score_method_baseline _________
tests\planning\test_method_system.py:92: in isolated_method_store
    monkeypatch.setattr(
D:\ANACONDA py\Lib\site-packages\_pytest\monkeypatch.py:103: in derive_importpath
    target = resolve(module)
D:\ANACONDA py\Lib\site-packages\_pytest\monkeypatch.py:64: in resolve
    found: object = __import__(used)
E   ModuleNotFoundError: No module named 'agentx'
___________ ERROR at setup of TestScoreMethod.test_score_method_bad ___________
tests\planning\test_method_system.py:92: in isolated_method_store
    monkeypatch.setattr(
D:\ANACONDA py\Lib\site-packages\_pytest\monkeypatch.py:103: in derive_importpath
    target = resolve(module)
D:\ANACONDA py\Lib\site-packages\_pytest\monkeypatch.py:64: in resolve
    found: object = __import__(used)
E   ModuleNotFoundError: No module named 'agentx'
________ ERROR at setup of TestScoreMethod.test_score_missing_metrics _________
tests\planning\test_method_system.py:92: in isolated_method_store
    monkeypatch.setattr(
D:\ANACONDA py\Lib\site-packages\_pytest\monkeypatch.py:103: in derive_importpath
    target = resolve(module)
D:\ANACONDA py\Lib\site-packages\_pytest\monkeypatch.py:64: in resolve
    found: object = __import__(used)
E   ModuleNotFoundError: No module named 'agentx'
_______ ERROR at setup of TestUpdateMetrics.test_update_metrics_success _______
tests\planning\test_method_system.py:92: in isolated_method_store
    monkeypatch.setattr(
D:\ANACONDA py\Lib\site-packages\_pytest\monkeypatch.py:103: in derive_importpath
    target = resolve(module)
D:\ANACONDA py\Lib\site-packages\_pytest\monkeypatch.py:64: in resolve
    found: object = __import__(used)
E   ModuleNotFoundError: No module named 'agentx'
_______ ERROR at setup of TestUpdateMetrics.test_update_metrics_failure _______
tests\planning\test_method_system.py:92: in isolated_method_store
    monkeypatch.setattr(
D:\ANACONDA py\Lib\site-packages\_pytest\monkeypatch.py:103: in derive_importpath
    target = resolve(module)
D:\ANACONDA py\Lib\site-packages\_pytest\monkeypatch.py:64: in resolve
    found: object = __import__(used)
E   ModuleNotFoundError: No module named 'agentx'
___ ERROR at setup of TestUpdateMetrics.test_score_recomputed_after_update ____
tests\planning\test_method_system.py:92: in isolated_method_store
    monkeypatch.setattr(
D:\ANACONDA py\Lib\site-packages\_pytest\monkeypatch.py:103: in derive_importpath
    target = resolve(module)
D:\ANACONDA py\Lib\site-packages\_pytest\monkeypatch.py:64: in resolve
    found: object = __import__(used)
E   ModuleNotFoundError: No module named 'agentx'
__________ ERROR at setup of TestRetrieveMethods.test_retrieve_top_n __________
tests\planning\test_method_system.py:92: in isolated_method_store
    monkeypatch.setattr(
D:\ANACONDA py\Lib\site-packages\_pytest\monkeypatch.py:103: in derive_importpath
    target = resolve(module)
D:\ANACONDA py\Lib\site-packages\_pytest\monkeypatch.py:64: in resolve
    found: object = __import__(used)
E   ModuleNotFoundError: No module named 'agentx'
_ ERROR at setup of TestRetrieveMethods.test_retrieve_returns_empty_on_no_match _
tests\planning\test_method_system.py:92: in isolated_method_store
    monkeypatch.setattr(
D:\ANACONDA py\Lib\site-packages\_pytest\monkeypatch.py:103: in derive_importpath
    target = resolve(module)
D:\ANACONDA py\Lib\site-packages\_pytest\monkeypatch.py:64: in resolve
    found: object = __import__(used)
E   ModuleNotFoundError: No module named 'agentx'
_________ ERROR at setup of TestRetrieveMethods.test_method_fit_score _________
tests\planning\test_method_system.py:92: in isolated_method_store
    monkeypatch.setattr(
D:\ANACONDA py\Lib\site-packages\_pytest\monkeypatch.py:103: in derive_importpath
    target = resolve(module)
D:\ANACONDA py\Lib\site-packages\_pytest\monkeypatch.py:64: in resolve
    found: object = __import__(used)
E   ModuleNotFoundError: No module named 'agentx'
________ ERROR at setup of TestMethodLearner.test_learn_method_stores _________
tests\planning\test_method_system.py:92: in isolated_method_store
    monkeypatch.setattr(
D:\ANACONDA py\Lib\site-packages\_pytest\monkeypatch.py:103: in derive_importpath
    target = resolve(module)
D:\ANACONDA py\Lib\site-packages\_pytest\monkeypatch.py:64: in resolve
    found: object = __import__(used)
E   ModuleNotFoundError: No module named 'agentx'
_________ ERROR at setup of TestMethodLearner.test_learn_method_dedup _________
tests\planning\test_method_system.py:92: in isolated_method_store
    monkeypatch.setattr(
D:\ANACONDA py\Lib\site-packages\_pytest\monkeypatch.py:103: in derive_importpath
    target = resolve(module)
D:\ANACONDA py\Lib\site-packages\_pytest\monkeypatch.py:64: in resolve
    found: object = __import__(used)
E   ModuleNotFoundError: No module named 'agentx'
___ ERROR at setup of TestMethodLearner.test_learn_method_ineligible_failed ___
tests\planning\test_method_system.py:92: in isolated_method_store
    monkeypatch.setattr(
D:\ANACONDA py\Lib\site-packages\_pytest\monkeypatch.py:103: in derive_importpath
    target = resolve(module)
D:\ANACONDA py\Lib\site-packages\_pytest\monkeypatch.py:64: in resolve
    found: object = __import__(used)
E   ModuleNotFoundError: No module named 'agentx'
_ ERROR at setup of TestMethodLearner.test_learn_method_ineligible_low_score __
tests\planning\test_method_system.py:92: in isolated_method_store
    monkeypatch.setattr(
D:\ANACONDA py\Lib\site-packages\_pytest\monkeypatch.py:103: in derive_importpath
    target = resolve(module)
D:\ANACONDA py\Lib\site-packages\_pytest\monkeypatch.py:64: in resolve
    found: object = __import__(used)
E   ModuleNotFoundError: No module named 'agentx'
___________ ERROR at setup of TestMethodPruner.test_prune_low_score ___________
tests\planning\test_method_system.py:92: in isolated_method_store
    monkeypatch.setattr(
D:\ANACONDA py\Lib\site-packages\_pytest\monkeypatch.py:103: in derive_importpath
    target = resolve(module)
D:\ANACONDA py\Lib\site-packages\_pytest\monkeypatch.py:64: in resolve
    found: object = __import__(used)
E   ModuleNotFoundError: No module named 'agentx'
___ ERROR at setup of TestMethodPruner.test_prune_dedup_identical_patterns ____
tests\planning\test_method_system.py:92: in isolated_method_store
    monkeypatch.setattr(
D:\ANACONDA py\Lib\site-packages\_pytest\monkeypatch.py:103: in derive_importpath
    target = resolve(module)
D:\ANACONDA py\Lib\site-packages\_pytest\monkeypatch.py:64: in resolve
    found: object = __import__(used)
E   ModuleNotFoundError: No module named 'agentx'
=========================== short test summary info ===========================
ERROR tests/planning/test_method_system.py::TestScoreMethod::test_score_method_baseline
ERROR tests/planning/test_method_system.py::TestScoreMethod::test_score_method_bad
ERROR tests/planning/test_method_system.py::TestScoreMethod::test_score_missing_metrics
ERROR tests/planning/test_method_system.py::TestUpdateMetrics::test_update_metrics_success
ERROR tests/planning/test_method_system.py::TestUpdateMetrics::test_update_metrics_failure
ERROR tests/planning/test_method_system.py::TestUpdateMetrics::test_score_recomputed_after_update
ERROR tests/planning/test_method_system.py::TestRetrieveMethods::test_retrieve_top_n
ERROR tests/planning/test_method_system.py::TestRetrieveMethods::test_retrieve_returns_empty_on_no_match
ERROR tests/planning/test_method_system.py::TestRetrieveMethods::test_method_fit_score
ERROR tests/planning/test_method_system.py::TestMethodLearner::test_learn_method_stores
ERROR tests/planning/test_method_system.py::TestMethodLearner::test_learn_method_dedup
ERROR tests/planning/test_method_system.py::TestMethodLearner::test_learn_method_ineligible_failed
ERROR tests/planning/test_method_system.py::TestMethodLearner::test_learn_method_ineligible_low_score
ERROR tests/planning/test_method_system.py::TestMethodPruner::test_prune_low_score
ERROR tests/planning/test_method_system.py::TestMethodPruner::test_prune_dedup_identical_patterns
============================= 15 errors in 0.55s ==============================
